// Jest Snapshot v1, https://goo.gl/fbAQLP

exports[`Calculator renders correctly 1`] = `
<div>
  <div
    class="calculator-div"
  >
    <div>
      <h2>
        Let's do some math!
      </h2>
    </div>
    <div
      class="calculator"
    >
      <div
        class="output"
        id="output"
      >
        0
      </div>
      <div
        class="buttons"
      >
        <button
          type="button"
        >
          AC
        </button>
        <button
          type="button"
        >
          +/-
        </button>
        <button
          type="button"
        >
          %
        </button>
        <button
          class="ops-color"
          type="button"
        >
          รท
        </button>
        <button
          type="button"
        >
          7
        </button>
        <button
          type="button"
        >
          8
        </button>
        <button
          type="button"
        >
          9
        </button>
        <button
          class="ops-color"
          type="button"
        >
          x
        </button>
        <button
          type="button"
        >
          4
        </button>
        <button
          type="button"
        >
          5
        </button>
        <button
          type="button"
        >
          6
        </button>
        <button
          class="ops-color"
          type="button"
        >
          -
        </button>
        <button
          type="button"
        >
          1
        </button>
        <button
          type="button"
        >
          2
        </button>
        <button
          type="button"
        >
          3
        </button>
        <button
          class="ops-color"
          type="button"
        >
          +
        </button>
        <button
          class="two-columns"
          type="button"
        >
          0
        </button>
        <button
          type="button"
        >
          .
        </button>
        <button
          class="ops-color"
          type="button"
        >
          =
        </button>
      </div>
    </div>
  </div>
</div>
`;
