// Jest Snapshot v1, https://goo.gl/fbAQLP

exports[`CalculatorOutput renders correctly 1`] = `
<div>
  <div
    class="output"
    id="output"
  >
    0
  </div>
</div>
`;
