// Jest Snapshot v1, https://goo.gl/fbAQLP

exports[`ShowQuote renders correctly 1`] = `
<div>
  <div
    class="quoteDiv"
  >
    <p>
      Loading...
    </p>
  </div>
</div>
`;
